../Core/Src/main.c:92:6:HAL_UART_RxCpltCallback	16	static
../Core/Src/main.c:109:5:main	8	static
../Core/Src/main.c:172:6:SystemClock_Config	160	static
../Core/Src/main.c:219:13:MX_USART2_UART_Init	8	static
../Core/Src/main.c:254:13:MX_GPIO_Init	48	static
../Core/Src/main.c:301:6:buttondebounce	8	static
../Core/Src/main.c:328:6:convertfunc	4	static
../Core/Src/main.c:336:6:decode_func	8	static
../Core/Src/main.c:361:6:set_mode_func	4	static
../Core/Src/main.c:379:6:request_mode_func	4	static
../Core/Src/main.c:404:6:Error_Handler	4	static,ignoring_inline_asm
